// Jest Snapshot v1, https://goo.gl/fbAQLP

exports[`SQS Queue Created 1`] = `
{
  "Parameters": {
    "BootstrapVersion": {
      "Default": "/cdk-bootstrap/hnb659fds/version",
      "Description": "Version of the CDK Bootstrap resources in this environment, automatically retrieved from SSM Parameter Store. [cdk:skip]",
      "Type": "AWS::SSM::Parameter::Value<String>",
    },
  },
  "Resources": {
    "CdkBuildProject9382C38D": {
      "Properties": {
        "Artifacts": {
          "Type": "CODEPIPELINE",
        },
        "Cache": {
          "Type": "NO_CACHE",
        },
        "EncryptionKey": "alias/aws/s3",
        "Environment": {
          "ComputeType": "BUILD_GENERAL1_SMALL",
          "Image": "aws/codebuild/standard:5.0",
          "ImagePullCredentialsType": "CODEBUILD",
          "PrivilegedMode": false,
          "Type": "LINUX_CONTAINER",
        },
        "ServiceRole": {
          "Fn::GetAtt": [
            "CdkBuildProjectRoleE0B6FEB0",
            "Arn",
          ],
        },
        "Source": {
          "BuildSpec": "build-specs/cdk-newman-build-spec.yml",
          "Type": "CODEPIPELINE",
        },
      },
      "Type": "AWS::CodeBuild::Project",
    },
    "CdkBuildProjectRoleDefaultPolicy3C7ECB00": {
      "Properties": {
        "PolicyDocument": {
          "Statement": [
            {
              "Action": [
                "logs:CreateLogGroup",
                "logs:CreateLogStream",
                "logs:PutLogEvents",
              ],
              "Effect": "Allow",
              "Resource": [
                {
                  "Fn::Join": [
                    "",
                    [
                      "arn:",
                      {
                        "Ref": "AWS::Partition",
                      },
                      ":logs:",
                      {
                        "Ref": "AWS::Region",
                      },
                      ":",
                      {
                        "Ref": "AWS::AccountId",
                      },
                      ":log-group:/aws/codebuild/",
                      {
                        "Ref": "CdkBuildProject9382C38D",
                      },
                    ],
                  ],
                },
                {
                  "Fn::Join": [
                    "",
                    [
                      "arn:",
                      {
                        "Ref": "AWS::Partition",
                      },
                      ":logs:",
                      {
                        "Ref": "AWS::Region",
                      },
                      ":",
                      {
                        "Ref": "AWS::AccountId",
                      },
                      ":log-group:/aws/codebuild/",
                      {
                        "Ref": "CdkBuildProject9382C38D",
                      },
                      ":*",
                    ],
                  ],
                },
              ],
            },
            {
              "Action": [
                "codebuild:CreateReportGroup",
                "codebuild:CreateReport",
                "codebuild:UpdateReport",
                "codebuild:BatchPutTestCases",
                "codebuild:BatchPutCodeCoverages",
              ],
              "Effect": "Allow",
              "Resource": {
                "Fn::Join": [
                  "",
                  [
                    "arn:",
                    {
                      "Ref": "AWS::Partition",
                    },
                    ":codebuild:",
                    {
                      "Ref": "AWS::Region",
                    },
                    ":",
                    {
                      "Ref": "AWS::AccountId",
                    },
                    ":report-group/",
                    {
                      "Ref": "CdkBuildProject9382C38D",
                    },
                    "-*",
                  ],
                ],
              },
            },
            {
              "Action": [
                "s3:GetObject*",
                "s3:GetBucket*",
                "s3:List*",
                "s3:DeleteObject*",
                "s3:PutObject",
                "s3:PutObjectLegalHold",
                "s3:PutObjectRetention",
                "s3:PutObjectTagging",
                "s3:PutObjectVersionTagging",
                "s3:Abort*",
              ],
              "Effect": "Allow",
              "Resource": [
                {
                  "Fn::GetAtt": [
                    "PipelineArtifactsBucket22248F97",
                    "Arn",
                  ],
                },
                {
                  "Fn::Join": [
                    "",
                    [
                      {
                        "Fn::GetAtt": [
                          "PipelineArtifactsBucket22248F97",
                          "Arn",
                        ],
                      },
                      "/*",
                    ],
                  ],
                },
              ],
            },
          ],
          "Version": "2012-10-17",
        },
        "PolicyName": "CdkBuildProjectRoleDefaultPolicy3C7ECB00",
        "Roles": [
          {
            "Ref": "CdkBuildProjectRoleE0B6FEB0",
          },
        ],
      },
      "Type": "AWS::IAM::Policy",
    },
    "CdkBuildProjectRoleE0B6FEB0": {
      "Properties": {
        "AssumeRolePolicyDocument": {
          "Statement": [
            {
              "Action": "sts:AssumeRole",
              "Effect": "Allow",
              "Principal": {
                "Service": "codebuild.amazonaws.com",
              },
            },
          ],
          "Version": "2012-10-17",
        },
      },
      "Type": "AWS::IAM::Role",
    },
    "PipelineArtifactsBucket22248F97": {
      "DeletionPolicy": "Retain",
      "Properties": {
        "BucketEncryption": {
          "ServerSideEncryptionConfiguration": [
            {
              "ServerSideEncryptionByDefault": {
                "SSEAlgorithm": "aws:kms",
              },
            },
          ],
        },
        "PublicAccessBlockConfiguration": {
          "BlockPublicAcls": true,
          "BlockPublicPolicy": true,
          "IgnorePublicAcls": true,
          "RestrictPublicBuckets": true,
        },
      },
      "Type": "AWS::S3::Bucket",
      "UpdateReplacePolicy": "Retain",
    },
    "PipelineArtifactsBucketPolicyD4F9712A": {
      "Properties": {
        "Bucket": {
          "Ref": "PipelineArtifactsBucket22248F97",
        },
        "PolicyDocument": {
          "Statement": [
            {
              "Action": "s3:*",
              "Condition": {
                "Bool": {
                  "aws:SecureTransport": "false",
                },
              },
              "Effect": "Deny",
              "Principal": {
                "AWS": "*",
              },
              "Resource": [
                {
                  "Fn::GetAtt": [
                    "PipelineArtifactsBucket22248F97",
                    "Arn",
                  ],
                },
                {
                  "Fn::Join": [
                    "",
                    [
                      {
                        "Fn::GetAtt": [
                          "PipelineArtifactsBucket22248F97",
                          "Arn",
                        ],
                      },
                      "/*",
                    ],
                  ],
                },
              ],
            },
          ],
          "Version": "2012-10-17",
        },
      },
      "Type": "AWS::S3::BucketPolicy",
    },
    "PipelineC660917D": {
      "DependsOn": [
        "PipelineRoleDefaultPolicyC7A05455",
        "PipelineRoleD68726F7",
      ],
      "Properties": {
        "ArtifactStore": {
          "Location": {
            "Ref": "PipelineArtifactsBucket22248F97",
          },
          "Type": "S3",
        },
        "Name": "newmanpipeline",
        "RestartExecutionOnUpdate": true,
        "RoleArn": {
          "Fn::GetAtt": [
            "PipelineRoleD68726F7",
            "Arn",
          ],
        },
        "Stages": [
          {
            "Actions": [
              {
                "ActionTypeId": {
                  "Category": "Source",
                  "Owner": "ThirdParty",
                  "Provider": "GitHub",
                  "Version": "1",
                },
                "Configuration": {
                  "Branch": "master",
                  "OAuthToken": "{{resolve:secretsmanager:token_access:SecretString:::}}",
                  "Owner": "Suresh14531453",
                  "PollForSourceChanges": false,
                  "Repo": "gittestfilefornewman",
                },
                "Name": "Pipeline_Source",
                "OutputArtifacts": [
                  {
                    "Name": "CDKSourceOutput",
                  },
                ],
                "RunOrder": 1,
              },
            ],
            "Name": "source",
          },
          {
            "Actions": [
              {
                "ActionTypeId": {
                  "Category": "Build",
                  "Owner": "AWS",
                  "Provider": "CodeBuild",
                  "Version": "1",
                },
                "Configuration": {
                  "ProjectName": {
                    "Ref": "CdkBuildProject9382C38D",
                  },
                },
                "InputArtifacts": [
                  {
                    "Name": "CDKSourceOutput",
                  },
                ],
                "Name": "CDK_Build",
                "OutputArtifacts": [
                  {
                    "Name": "CdkBuildOutPut",
                  },
                ],
                "RoleArn": {
                  "Fn::GetAtt": [
                    "PipelinebuildCDKBuildCodePipelineActionRole83F3AB81",
                    "Arn",
                  ],
                },
                "RunOrder": 1,
              },
            ],
            "Name": "build",
          },
        ],
      },
      "Type": "AWS::CodePipeline::Pipeline",
    },
    "PipelineNotificationsTopic827A419F": {
      "Properties": {
        "TopicName": "PipelineNotifications",
      },
      "Type": "AWS::SNS::Topic",
    },
    "PipelineNotificationsTopicPolicy68C85C82": {
      "Properties": {
        "PolicyDocument": {
          "Statement": [
            {
              "Action": "sns:Publish",
              "Effect": "Allow",
              "Principal": {
                "Service": "events.amazonaws.com",
              },
              "Resource": {
                "Ref": "PipelineNotificationsTopic827A419F",
              },
              "Sid": "0",
            },
          ],
          "Version": "2012-10-17",
        },
        "Topics": [
          {
            "Ref": "PipelineNotificationsTopic827A419F",
          },
        ],
      },
      "Type": "AWS::SNS::TopicPolicy",
    },
    "PipelineNotificationsTopicsureshsahu1453gmailcomF33BACF2": {
      "Properties": {
        "Endpoint": "sureshsahu1453@gmail.com",
        "Protocol": "email",
        "TopicArn": {
          "Ref": "PipelineNotificationsTopic827A419F",
        },
      },
      "Type": "AWS::SNS::Subscription",
    },
    "PipelineRoleD68726F7": {
      "Properties": {
        "AssumeRolePolicyDocument": {
          "Statement": [
            {
              "Action": "sts:AssumeRole",
              "Effect": "Allow",
              "Principal": {
                "Service": "codepipeline.amazonaws.com",
              },
            },
          ],
          "Version": "2012-10-17",
        },
      },
      "Type": "AWS::IAM::Role",
    },
    "PipelineRoleDefaultPolicyC7A05455": {
      "Properties": {
        "PolicyDocument": {
          "Statement": [
            {
              "Action": [
                "s3:GetObject*",
                "s3:GetBucket*",
                "s3:List*",
                "s3:DeleteObject*",
                "s3:PutObject",
                "s3:PutObjectLegalHold",
                "s3:PutObjectRetention",
                "s3:PutObjectTagging",
                "s3:PutObjectVersionTagging",
                "s3:Abort*",
              ],
              "Effect": "Allow",
              "Resource": [
                {
                  "Fn::GetAtt": [
                    "PipelineArtifactsBucket22248F97",
                    "Arn",
                  ],
                },
                {
                  "Fn::Join": [
                    "",
                    [
                      {
                        "Fn::GetAtt": [
                          "PipelineArtifactsBucket22248F97",
                          "Arn",
                        ],
                      },
                      "/*",
                    ],
                  ],
                },
              ],
            },
            {
              "Action": "sts:AssumeRole",
              "Effect": "Allow",
              "Resource": {
                "Fn::GetAtt": [
                  "PipelinebuildCDKBuildCodePipelineActionRole83F3AB81",
                  "Arn",
                ],
              },
            },
          ],
          "Version": "2012-10-17",
        },
        "PolicyName": "PipelineRoleDefaultPolicyC7A05455",
        "Roles": [
          {
            "Ref": "PipelineRoleD68726F7",
          },
        ],
      },
      "Type": "AWS::IAM::Policy",
    },
    "PipelinebuildCDKBuildCodePipelineActionRole83F3AB81": {
      "Properties": {
        "AssumeRolePolicyDocument": {
          "Statement": [
            {
              "Action": "sts:AssumeRole",
              "Effect": "Allow",
              "Principal": {
                "AWS": {
                  "Fn::Join": [
                    "",
                    [
                      "arn:",
                      {
                        "Ref": "AWS::Partition",
                      },
                      ":iam::",
                      {
                        "Ref": "AWS::AccountId",
                      },
                      ":root",
                    ],
                  ],
                },
              },
            },
          ],
          "Version": "2012-10-17",
        },
      },
      "Type": "AWS::IAM::Role",
    },
    "PipelinebuildCDKBuildCodePipelineActionRoleDefaultPolicy26FE4F83": {
      "Properties": {
        "PolicyDocument": {
          "Statement": [
            {
              "Action": [
                "codebuild:BatchGetBuilds",
                "codebuild:StartBuild",
                "codebuild:StopBuild",
              ],
              "Effect": "Allow",
              "Resource": {
                "Fn::GetAtt": [
                  "CdkBuildProject9382C38D",
                  "Arn",
                ],
              },
            },
          ],
          "Version": "2012-10-17",
        },
        "PolicyName": "PipelinebuildCDKBuildCodePipelineActionRoleDefaultPolicy26FE4F83",
        "Roles": [
          {
            "Ref": "PipelinebuildCDKBuildCodePipelineActionRole83F3AB81",
          },
        ],
      },
      "Type": "AWS::IAM::Policy",
    },
    "PipelinebuildFAILEDABA22781": {
      "Properties": {
        "Description": "Build Test Failed",
        "EventPattern": {
          "detail": {
            "stage": [
              "build",
            ],
            "state": [
              "FAILED",
            ],
          },
          "detail-type": [
            "CodePipeline Stage Execution State Change",
          ],
          "resources": [
            {
              "Fn::Join": [
                "",
                [
                  "arn:",
                  {
                    "Ref": "AWS::Partition",
                  },
                  ":codepipeline:",
                  {
                    "Ref": "AWS::Region",
                  },
                  ":",
                  {
                    "Ref": "AWS::AccountId",
                  },
                  ":",
                  {
                    "Ref": "PipelineC660917D",
                  },
                ],
              ],
            },
          ],
          "source": [
            "aws.codepipeline",
          ],
        },
        "Name": "Failed",
        "State": "ENABLED",
        "Targets": [
          {
            "Arn": {
              "Ref": "PipelineNotificationsTopic827A419F",
            },
            "Id": "Target0",
            "Input": ""Build Test Failed"",
          },
        ],
      },
      "Type": "AWS::Events::Rule",
    },
    "PipelinebuildSUCCEEDEDF37AFF53": {
      "Properties": {
        "Description": "Build Test Successful",
        "EventPattern": {
          "detail": {
            "stage": [
              "build",
            ],
            "state": [
              "SUCCEEDED",
            ],
          },
          "detail-type": [
            "CodePipeline Stage Execution State Change",
          ],
          "resources": [
            {
              "Fn::Join": [
                "",
                [
                  "arn:",
                  {
                    "Ref": "AWS::Partition",
                  },
                  ":codepipeline:",
                  {
                    "Ref": "AWS::Region",
                  },
                  ":",
                  {
                    "Ref": "AWS::AccountId",
                  },
                  ":",
                  {
                    "Ref": "PipelineC660917D",
                  },
                ],
              ],
            },
          ],
          "source": [
            "aws.codepipeline",
          ],
        },
        "Name": "Success",
        "State": "ENABLED",
        "Targets": [
          {
            "Arn": {
              "Ref": "PipelineNotificationsTopic827A419F",
            },
            "Id": "Target0",
            "Input": ""Build Test Successful."",
          },
        ],
      },
      "Type": "AWS::Events::Rule",
    },
    "PipelinesourcePipelineSourceWebhookResource4E958C6E": {
      "Properties": {
        "Authentication": "GITHUB_HMAC",
        "AuthenticationConfiguration": {
          "SecretToken": "{{resolve:secretsmanager:token_access:SecretString:::}}",
        },
        "Filters": [
          {
            "JsonPath": "$.ref",
            "MatchEquals": "refs/heads/{Branch}",
          },
        ],
        "RegisterWithThirdParty": true,
        "TargetAction": "Pipeline_Source",
        "TargetPipeline": {
          "Ref": "PipelineC660917D",
        },
        "TargetPipelineVersion": 1,
      },
      "Type": "AWS::CodePipeline::Webhook",
    },
  },
  "Rules": {
    "CheckBootstrapVersion": {
      "Assertions": [
        {
          "Assert": {
            "Fn::Not": [
              {
                "Fn::Contains": [
                  [
                    "1",
                    "2",
                    "3",
                    "4",
                    "5",
                  ],
                  {
                    "Ref": "BootstrapVersion",
                  },
                ],
              },
            ],
          },
          "AssertDescription": "CDK bootstrap stack version 6 required. Please run 'cdk bootstrap' with a recent version of the CDK CLI.",
        },
      ],
    },
  },
}
`;
